// Jest Snapshot v1, https://goo.gl/fbAQLP

exports[`Instruction Component matches snapshot 1`] = `
ShallowWrapper {
  Symbol(enzyme.__root__): [Circular],
  Symbol(enzyme.__unrendered__): <Instruction />,
  Symbol(enzyme.__renderer__): Object {
    "batchedUpdates": [Function],
    "getNode": [Function],
    "render": [Function],
    "simulateError": [Function],
    "simulateEvent": [Function],
    "unmount": [Function],
  },
  Symbol(enzyme.__node__): Object {
    "instance": null,
    "key": undefined,
    "nodeType": "host",
    "props": Object {
      "children": Array [
        <h3>
          Steps to Upload Your App
        </h3>,
        <Toggle
          title="XcodeArchive"
        >
          <p>
            To package up an xcarchive to submit for signing you need to:
          </p>
          <ol>
            <li>
              <p>
                Create a folder to hold the xcarchive and options.plist
              </p>
            </li>
            <li>
              <p>
                Copy the xcarchive from xcode into the folder from step 1
              </p>
            </li>
            <li>
              <p>
                Create or copy your options.plist from step 1, you could update the content from sample below:
              </p>
              <pre>
                
  &lt;?xml version="1.0" encoding="UTF-8"?&gt;
  &lt;!DOCTYPE plist PUBLIC "-//Apple//DTD PLIST 1.0//EN" "http://www.apple.com/DTDs/PropertyList-1.0.dtd"&gt;
  &lt;plist version="1.0"&gt;
    &lt;dict&gt;
      &lt;key&gt;method&lt;/key&gt;
      &lt;string&gt;app-store&lt;/string&gt;
      &lt;key&gt;signingStyle&lt;/key&gt;
      &lt;string&gt;automatic&lt;/string&gt;
      &lt;key&gt;stripSwiftSymbols&lt;/key&gt;
      &lt;true/&gt;
      &lt;key&gt;uploadSymbols&lt;/key&gt;
      &lt;true/&gt;
    &lt;/dict&gt;
  &lt;/plist&gt;
  
              </pre>
            </li>
            <li>
              <p>
                ZIP up the folder for submission
              </p>
            </li>
          </ol>
        </Toggle>,
        <Toggle
          title="IPA"
        >
          <p>
            Signing IPA files is currently Alpha. Please use xcarchive.
          </p>
        </Toggle>,
        <Toggle
          title="APK"
        >
          <p>
            To package up an android package to submit for signing you need to:
          </p>
          <ol>
            <li>
              <p>
                Select RELEASE mode in the Build Variant, and build APK
              </p>
            </li>
            <li>
              <p>
                Drag and drop the apk
              </p>
            </li>
          </ol>
        </Toggle>,
      ],
      "className": "instructions",
    },
    "ref": null,
    "rendered": Array [
      Object {
        "instance": null,
        "key": undefined,
        "nodeType": "host",
        "props": Object {
          "children": "Steps to Upload Your App",
        },
        "ref": null,
        "rendered": "Steps to Upload Your App",
        "type": "h3",
      },
      Object {
        "instance": null,
        "key": undefined,
        "nodeType": "class",
        "props": Object {
          "children": Array [
            <p>
              To package up an xcarchive to submit for signing you need to:
            </p>,
            <ol>
              <li>
                <p>
                  Create a folder to hold the xcarchive and options.plist
                </p>
              </li>
              <li>
                <p>
                  Copy the xcarchive from xcode into the folder from step 1
                </p>
              </li>
              <li>
                <p>
                  Create or copy your options.plist from step 1, you could update the content from sample below:
                </p>
                <pre>
                  
  &lt;?xml version="1.0" encoding="UTF-8"?&gt;
  &lt;!DOCTYPE plist PUBLIC "-//Apple//DTD PLIST 1.0//EN" "http://www.apple.com/DTDs/PropertyList-1.0.dtd"&gt;
  &lt;plist version="1.0"&gt;
    &lt;dict&gt;
      &lt;key&gt;method&lt;/key&gt;
      &lt;string&gt;app-store&lt;/string&gt;
      &lt;key&gt;signingStyle&lt;/key&gt;
      &lt;string&gt;automatic&lt;/string&gt;
      &lt;key&gt;stripSwiftSymbols&lt;/key&gt;
      &lt;true/&gt;
      &lt;key&gt;uploadSymbols&lt;/key&gt;
      &lt;true/&gt;
    &lt;/dict&gt;
  &lt;/plist&gt;
  
                </pre>
              </li>
              <li>
                <p>
                  ZIP up the folder for submission
                </p>
              </li>
            </ol>,
          ],
          "title": "XcodeArchive",
        },
        "ref": null,
        "rendered": Array [
          Object {
            "instance": null,
            "key": undefined,
            "nodeType": "host",
            "props": Object {
              "children": "To package up an xcarchive to submit for signing you need to:",
            },
            "ref": null,
            "rendered": "To package up an xcarchive to submit for signing you need to:",
            "type": "p",
          },
          Object {
            "instance": null,
            "key": undefined,
            "nodeType": "host",
            "props": Object {
              "children": Array [
                <li>
                  <p>
                    Create a folder to hold the xcarchive and options.plist
                  </p>
                </li>,
                <li>
                  <p>
                    Copy the xcarchive from xcode into the folder from step 1
                  </p>
                </li>,
                <li>
                  <p>
                    Create or copy your options.plist from step 1, you could update the content from sample below:
                  </p>
                  <pre>
                    
  &lt;?xml version="1.0" encoding="UTF-8"?&gt;
  &lt;!DOCTYPE plist PUBLIC "-//Apple//DTD PLIST 1.0//EN" "http://www.apple.com/DTDs/PropertyList-1.0.dtd"&gt;
  &lt;plist version="1.0"&gt;
    &lt;dict&gt;
      &lt;key&gt;method&lt;/key&gt;
      &lt;string&gt;app-store&lt;/string&gt;
      &lt;key&gt;signingStyle&lt;/key&gt;
      &lt;string&gt;automatic&lt;/string&gt;
      &lt;key&gt;stripSwiftSymbols&lt;/key&gt;
      &lt;true/&gt;
      &lt;key&gt;uploadSymbols&lt;/key&gt;
      &lt;true/&gt;
    &lt;/dict&gt;
  &lt;/plist&gt;
  
                  </pre>
                </li>,
                <li>
                  <p>
                    ZIP up the folder for submission
                  </p>
                </li>,
              ],
            },
            "ref": null,
            "rendered": Array [
              Object {
                "instance": null,
                "key": undefined,
                "nodeType": "host",
                "props": Object {
                  "children": <p>
                    Create a folder to hold the xcarchive and options.plist
                  </p>,
                },
                "ref": null,
                "rendered": Object {
                  "instance": null,
                  "key": undefined,
                  "nodeType": "host",
                  "props": Object {
                    "children": "Create a folder to hold the xcarchive and options.plist",
                  },
                  "ref": null,
                  "rendered": "Create a folder to hold the xcarchive and options.plist",
                  "type": "p",
                },
                "type": "li",
              },
              Object {
                "instance": null,
                "key": undefined,
                "nodeType": "host",
                "props": Object {
                  "children": <p>
                    Copy the xcarchive from xcode into the folder from step 1
                  </p>,
                },
                "ref": null,
                "rendered": Object {
                  "instance": null,
                  "key": undefined,
                  "nodeType": "host",
                  "props": Object {
                    "children": "Copy the xcarchive from xcode into the folder from step 1",
                  },
                  "ref": null,
                  "rendered": "Copy the xcarchive from xcode into the folder from step 1",
                  "type": "p",
                },
                "type": "li",
              },
              Object {
                "instance": null,
                "key": undefined,
                "nodeType": "host",
                "props": Object {
                  "children": Array [
                    <p>
                      Create or copy your options.plist from step 1, you could update the content from sample below:
                    </p>,
                    <pre>
                      
  &lt;?xml version="1.0" encoding="UTF-8"?&gt;
  &lt;!DOCTYPE plist PUBLIC "-//Apple//DTD PLIST 1.0//EN" "http://www.apple.com/DTDs/PropertyList-1.0.dtd"&gt;
  &lt;plist version="1.0"&gt;
    &lt;dict&gt;
      &lt;key&gt;method&lt;/key&gt;
      &lt;string&gt;app-store&lt;/string&gt;
      &lt;key&gt;signingStyle&lt;/key&gt;
      &lt;string&gt;automatic&lt;/string&gt;
      &lt;key&gt;stripSwiftSymbols&lt;/key&gt;
      &lt;true/&gt;
      &lt;key&gt;uploadSymbols&lt;/key&gt;
      &lt;true/&gt;
    &lt;/dict&gt;
  &lt;/plist&gt;
  
                    </pre>,
                  ],
                },
                "ref": null,
                "rendered": Array [
                  Object {
                    "instance": null,
                    "key": undefined,
                    "nodeType": "host",
                    "props": Object {
                      "children": "Create or copy your options.plist from step 1, you could update the content from sample below:",
                    },
                    "ref": null,
                    "rendered": "Create or copy your options.plist from step 1, you could update the content from sample below:",
                    "type": "p",
                  },
                  Object {
                    "instance": null,
                    "key": undefined,
                    "nodeType": "host",
                    "props": Object {
                      "children": "
  <?xml version=\\"1.0\\" encoding=\\"UTF-8\\"?>
  <!DOCTYPE plist PUBLIC \\"-//Apple//DTD PLIST 1.0//EN\\" \\"http://www.apple.com/DTDs/PropertyList-1.0.dtd\\">
  <plist version=\\"1.0\\">
    <dict>
      <key>method</key>
      <string>app-store</string>
      <key>signingStyle</key>
      <string>automatic</string>
      <key>stripSwiftSymbols</key>
      <true/>
      <key>uploadSymbols</key>
      <true/>
    </dict>
  </plist>
  ",
                    },
                    "ref": null,
                    "rendered": "
  <?xml version=\\"1.0\\" encoding=\\"UTF-8\\"?>
  <!DOCTYPE plist PUBLIC \\"-//Apple//DTD PLIST 1.0//EN\\" \\"http://www.apple.com/DTDs/PropertyList-1.0.dtd\\">
  <plist version=\\"1.0\\">
    <dict>
      <key>method</key>
      <string>app-store</string>
      <key>signingStyle</key>
      <string>automatic</string>
      <key>stripSwiftSymbols</key>
      <true/>
      <key>uploadSymbols</key>
      <true/>
    </dict>
  </plist>
  ",
                    "type": "pre",
                  },
                ],
                "type": "li",
              },
              Object {
                "instance": null,
                "key": undefined,
                "nodeType": "host",
                "props": Object {
                  "children": <p>
                    ZIP up the folder for submission
                  </p>,
                },
                "ref": null,
                "rendered": Object {
                  "instance": null,
                  "key": undefined,
                  "nodeType": "host",
                  "props": Object {
                    "children": "ZIP up the folder for submission",
                  },
                  "ref": null,
                  "rendered": "ZIP up the folder for submission",
                  "type": "p",
                },
                "type": "li",
              },
            ],
            "type": "ol",
          },
        ],
        "type": [Function],
      },
      Object {
        "instance": null,
        "key": undefined,
        "nodeType": "class",
        "props": Object {
          "children": <p>
            Signing IPA files is currently Alpha. Please use xcarchive.
          </p>,
          "title": "IPA",
        },
        "ref": null,
        "rendered": Object {
          "instance": null,
          "key": undefined,
          "nodeType": "host",
          "props": Object {
            "children": "Signing IPA files is currently Alpha. Please use xcarchive.",
          },
          "ref": null,
          "rendered": "Signing IPA files is currently Alpha. Please use xcarchive.",
          "type": "p",
        },
        "type": [Function],
      },
      Object {
        "instance": null,
        "key": undefined,
        "nodeType": "class",
        "props": Object {
          "children": Array [
            <p>
              To package up an android package to submit for signing you need to:
            </p>,
            <ol>
              <li>
                <p>
                  Select RELEASE mode in the Build Variant, and build APK
                </p>
              </li>
              <li>
                <p>
                  Drag and drop the apk
                </p>
              </li>
            </ol>,
          ],
          "title": "APK",
        },
        "ref": null,
        "rendered": Array [
          Object {
            "instance": null,
            "key": undefined,
            "nodeType": "host",
            "props": Object {
              "children": "To package up an android package to submit for signing you need to:",
            },
            "ref": null,
            "rendered": "To package up an android package to submit for signing you need to:",
            "type": "p",
          },
          Object {
            "instance": null,
            "key": undefined,
            "nodeType": "host",
            "props": Object {
              "children": Array [
                <li>
                  <p>
                    Select RELEASE mode in the Build Variant, and build APK
                  </p>
                </li>,
                <li>
                  <p>
                    Drag and drop the apk
                  </p>
                </li>,
              ],
            },
            "ref": null,
            "rendered": Array [
              Object {
                "instance": null,
                "key": undefined,
                "nodeType": "host",
                "props": Object {
                  "children": <p>
                    Select RELEASE mode in the Build Variant, and build APK
                  </p>,
                },
                "ref": null,
                "rendered": Object {
                  "instance": null,
                  "key": undefined,
                  "nodeType": "host",
                  "props": Object {
                    "children": "Select RELEASE mode in the Build Variant, and build APK",
                  },
                  "ref": null,
                  "rendered": "Select RELEASE mode in the Build Variant, and build APK",
                  "type": "p",
                },
                "type": "li",
              },
              Object {
                "instance": null,
                "key": undefined,
                "nodeType": "host",
                "props": Object {
                  "children": <p>
                    Drag and drop the apk
                  </p>,
                },
                "ref": null,
                "rendered": Object {
                  "instance": null,
                  "key": undefined,
                  "nodeType": "host",
                  "props": Object {
                    "children": "Drag and drop the apk",
                  },
                  "ref": null,
                  "rendered": "Drag and drop the apk",
                  "type": "p",
                },
                "type": "li",
              },
            ],
            "type": "ol",
          },
        ],
        "type": [Function],
      },
    ],
    "type": "div",
  },
  Symbol(enzyme.__nodes__): Array [
    Object {
      "instance": null,
      "key": undefined,
      "nodeType": "host",
      "props": Object {
        "children": Array [
          <h3>
            Steps to Upload Your App
          </h3>,
          <Toggle
            title="XcodeArchive"
          >
            <p>
              To package up an xcarchive to submit for signing you need to:
            </p>
            <ol>
              <li>
                <p>
                  Create a folder to hold the xcarchive and options.plist
                </p>
              </li>
              <li>
                <p>
                  Copy the xcarchive from xcode into the folder from step 1
                </p>
              </li>
              <li>
                <p>
                  Create or copy your options.plist from step 1, you could update the content from sample below:
                </p>
                <pre>
                  
  &lt;?xml version="1.0" encoding="UTF-8"?&gt;
  &lt;!DOCTYPE plist PUBLIC "-//Apple//DTD PLIST 1.0//EN" "http://www.apple.com/DTDs/PropertyList-1.0.dtd"&gt;
  &lt;plist version="1.0"&gt;
    &lt;dict&gt;
      &lt;key&gt;method&lt;/key&gt;
      &lt;string&gt;app-store&lt;/string&gt;
      &lt;key&gt;signingStyle&lt;/key&gt;
      &lt;string&gt;automatic&lt;/string&gt;
      &lt;key&gt;stripSwiftSymbols&lt;/key&gt;
      &lt;true/&gt;
      &lt;key&gt;uploadSymbols&lt;/key&gt;
      &lt;true/&gt;
    &lt;/dict&gt;
  &lt;/plist&gt;
  
                </pre>
              </li>
              <li>
                <p>
                  ZIP up the folder for submission
                </p>
              </li>
            </ol>
          </Toggle>,
          <Toggle
            title="IPA"
          >
            <p>
              Signing IPA files is currently Alpha. Please use xcarchive.
            </p>
          </Toggle>,
          <Toggle
            title="APK"
          >
            <p>
              To package up an android package to submit for signing you need to:
            </p>
            <ol>
              <li>
                <p>
                  Select RELEASE mode in the Build Variant, and build APK
                </p>
              </li>
              <li>
                <p>
                  Drag and drop the apk
                </p>
              </li>
            </ol>
          </Toggle>,
        ],
        "className": "instructions",
      },
      "ref": null,
      "rendered": Array [
        Object {
          "instance": null,
          "key": undefined,
          "nodeType": "host",
          "props": Object {
            "children": "Steps to Upload Your App",
          },
          "ref": null,
          "rendered": "Steps to Upload Your App",
          "type": "h3",
        },
        Object {
          "instance": null,
          "key": undefined,
          "nodeType": "class",
          "props": Object {
            "children": Array [
              <p>
                To package up an xcarchive to submit for signing you need to:
              </p>,
              <ol>
                <li>
                  <p>
                    Create a folder to hold the xcarchive and options.plist
                  </p>
                </li>
                <li>
                  <p>
                    Copy the xcarchive from xcode into the folder from step 1
                  </p>
                </li>
                <li>
                  <p>
                    Create or copy your options.plist from step 1, you could update the content from sample below:
                  </p>
                  <pre>
                    
  &lt;?xml version="1.0" encoding="UTF-8"?&gt;
  &lt;!DOCTYPE plist PUBLIC "-//Apple//DTD PLIST 1.0//EN" "http://www.apple.com/DTDs/PropertyList-1.0.dtd"&gt;
  &lt;plist version="1.0"&gt;
    &lt;dict&gt;
      &lt;key&gt;method&lt;/key&gt;
      &lt;string&gt;app-store&lt;/string&gt;
      &lt;key&gt;signingStyle&lt;/key&gt;
      &lt;string&gt;automatic&lt;/string&gt;
      &lt;key&gt;stripSwiftSymbols&lt;/key&gt;
      &lt;true/&gt;
      &lt;key&gt;uploadSymbols&lt;/key&gt;
      &lt;true/&gt;
    &lt;/dict&gt;
  &lt;/plist&gt;
  
                  </pre>
                </li>
                <li>
                  <p>
                    ZIP up the folder for submission
                  </p>
                </li>
              </ol>,
            ],
            "title": "XcodeArchive",
          },
          "ref": null,
          "rendered": Array [
            Object {
              "instance": null,
              "key": undefined,
              "nodeType": "host",
              "props": Object {
                "children": "To package up an xcarchive to submit for signing you need to:",
              },
              "ref": null,
              "rendered": "To package up an xcarchive to submit for signing you need to:",
              "type": "p",
            },
            Object {
              "instance": null,
              "key": undefined,
              "nodeType": "host",
              "props": Object {
                "children": Array [
                  <li>
                    <p>
                      Create a folder to hold the xcarchive and options.plist
                    </p>
                  </li>,
                  <li>
                    <p>
                      Copy the xcarchive from xcode into the folder from step 1
                    </p>
                  </li>,
                  <li>
                    <p>
                      Create or copy your options.plist from step 1, you could update the content from sample below:
                    </p>
                    <pre>
                      
  &lt;?xml version="1.0" encoding="UTF-8"?&gt;
  &lt;!DOCTYPE plist PUBLIC "-//Apple//DTD PLIST 1.0//EN" "http://www.apple.com/DTDs/PropertyList-1.0.dtd"&gt;
  &lt;plist version="1.0"&gt;
    &lt;dict&gt;
      &lt;key&gt;method&lt;/key&gt;
      &lt;string&gt;app-store&lt;/string&gt;
      &lt;key&gt;signingStyle&lt;/key&gt;
      &lt;string&gt;automatic&lt;/string&gt;
      &lt;key&gt;stripSwiftSymbols&lt;/key&gt;
      &lt;true/&gt;
      &lt;key&gt;uploadSymbols&lt;/key&gt;
      &lt;true/&gt;
    &lt;/dict&gt;
  &lt;/plist&gt;
  
                    </pre>
                  </li>,
                  <li>
                    <p>
                      ZIP up the folder for submission
                    </p>
                  </li>,
                ],
              },
              "ref": null,
              "rendered": Array [
                Object {
                  "instance": null,
                  "key": undefined,
                  "nodeType": "host",
                  "props": Object {
                    "children": <p>
                      Create a folder to hold the xcarchive and options.plist
                    </p>,
                  },
                  "ref": null,
                  "rendered": Object {
                    "instance": null,
                    "key": undefined,
                    "nodeType": "host",
                    "props": Object {
                      "children": "Create a folder to hold the xcarchive and options.plist",
                    },
                    "ref": null,
                    "rendered": "Create a folder to hold the xcarchive and options.plist",
                    "type": "p",
                  },
                  "type": "li",
                },
                Object {
                  "instance": null,
                  "key": undefined,
                  "nodeType": "host",
                  "props": Object {
                    "children": <p>
                      Copy the xcarchive from xcode into the folder from step 1
                    </p>,
                  },
                  "ref": null,
                  "rendered": Object {
                    "instance": null,
                    "key": undefined,
                    "nodeType": "host",
                    "props": Object {
                      "children": "Copy the xcarchive from xcode into the folder from step 1",
                    },
                    "ref": null,
                    "rendered": "Copy the xcarchive from xcode into the folder from step 1",
                    "type": "p",
                  },
                  "type": "li",
                },
                Object {
                  "instance": null,
                  "key": undefined,
                  "nodeType": "host",
                  "props": Object {
                    "children": Array [
                      <p>
                        Create or copy your options.plist from step 1, you could update the content from sample below:
                      </p>,
                      <pre>
                        
  &lt;?xml version="1.0" encoding="UTF-8"?&gt;
  &lt;!DOCTYPE plist PUBLIC "-//Apple//DTD PLIST 1.0//EN" "http://www.apple.com/DTDs/PropertyList-1.0.dtd"&gt;
  &lt;plist version="1.0"&gt;
    &lt;dict&gt;
      &lt;key&gt;method&lt;/key&gt;
      &lt;string&gt;app-store&lt;/string&gt;
      &lt;key&gt;signingStyle&lt;/key&gt;
      &lt;string&gt;automatic&lt;/string&gt;
      &lt;key&gt;stripSwiftSymbols&lt;/key&gt;
      &lt;true/&gt;
      &lt;key&gt;uploadSymbols&lt;/key&gt;
      &lt;true/&gt;
    &lt;/dict&gt;
  &lt;/plist&gt;
  
                      </pre>,
                    ],
                  },
                  "ref": null,
                  "rendered": Array [
                    Object {
                      "instance": null,
                      "key": undefined,
                      "nodeType": "host",
                      "props": Object {
                        "children": "Create or copy your options.plist from step 1, you could update the content from sample below:",
                      },
                      "ref": null,
                      "rendered": "Create or copy your options.plist from step 1, you could update the content from sample below:",
                      "type": "p",
                    },
                    Object {
                      "instance": null,
                      "key": undefined,
                      "nodeType": "host",
                      "props": Object {
                        "children": "
  <?xml version=\\"1.0\\" encoding=\\"UTF-8\\"?>
  <!DOCTYPE plist PUBLIC \\"-//Apple//DTD PLIST 1.0//EN\\" \\"http://www.apple.com/DTDs/PropertyList-1.0.dtd\\">
  <plist version=\\"1.0\\">
    <dict>
      <key>method</key>
      <string>app-store</string>
      <key>signingStyle</key>
      <string>automatic</string>
      <key>stripSwiftSymbols</key>
      <true/>
      <key>uploadSymbols</key>
      <true/>
    </dict>
  </plist>
  ",
                      },
                      "ref": null,
                      "rendered": "
  <?xml version=\\"1.0\\" encoding=\\"UTF-8\\"?>
  <!DOCTYPE plist PUBLIC \\"-//Apple//DTD PLIST 1.0//EN\\" \\"http://www.apple.com/DTDs/PropertyList-1.0.dtd\\">
  <plist version=\\"1.0\\">
    <dict>
      <key>method</key>
      <string>app-store</string>
      <key>signingStyle</key>
      <string>automatic</string>
      <key>stripSwiftSymbols</key>
      <true/>
      <key>uploadSymbols</key>
      <true/>
    </dict>
  </plist>
  ",
                      "type": "pre",
                    },
                  ],
                  "type": "li",
                },
                Object {
                  "instance": null,
                  "key": undefined,
                  "nodeType": "host",
                  "props": Object {
                    "children": <p>
                      ZIP up the folder for submission
                    </p>,
                  },
                  "ref": null,
                  "rendered": Object {
                    "instance": null,
                    "key": undefined,
                    "nodeType": "host",
                    "props": Object {
                      "children": "ZIP up the folder for submission",
                    },
                    "ref": null,
                    "rendered": "ZIP up the folder for submission",
                    "type": "p",
                  },
                  "type": "li",
                },
              ],
              "type": "ol",
            },
          ],
          "type": [Function],
        },
        Object {
          "instance": null,
          "key": undefined,
          "nodeType": "class",
          "props": Object {
            "children": <p>
              Signing IPA files is currently Alpha. Please use xcarchive.
            </p>,
            "title": "IPA",
          },
          "ref": null,
          "rendered": Object {
            "instance": null,
            "key": undefined,
            "nodeType": "host",
            "props": Object {
              "children": "Signing IPA files is currently Alpha. Please use xcarchive.",
            },
            "ref": null,
            "rendered": "Signing IPA files is currently Alpha. Please use xcarchive.",
            "type": "p",
          },
          "type": [Function],
        },
        Object {
          "instance": null,
          "key": undefined,
          "nodeType": "class",
          "props": Object {
            "children": Array [
              <p>
                To package up an android package to submit for signing you need to:
              </p>,
              <ol>
                <li>
                  <p>
                    Select RELEASE mode in the Build Variant, and build APK
                  </p>
                </li>
                <li>
                  <p>
                    Drag and drop the apk
                  </p>
                </li>
              </ol>,
            ],
            "title": "APK",
          },
          "ref": null,
          "rendered": Array [
            Object {
              "instance": null,
              "key": undefined,
              "nodeType": "host",
              "props": Object {
                "children": "To package up an android package to submit for signing you need to:",
              },
              "ref": null,
              "rendered": "To package up an android package to submit for signing you need to:",
              "type": "p",
            },
            Object {
              "instance": null,
              "key": undefined,
              "nodeType": "host",
              "props": Object {
                "children": Array [
                  <li>
                    <p>
                      Select RELEASE mode in the Build Variant, and build APK
                    </p>
                  </li>,
                  <li>
                    <p>
                      Drag and drop the apk
                    </p>
                  </li>,
                ],
              },
              "ref": null,
              "rendered": Array [
                Object {
                  "instance": null,
                  "key": undefined,
                  "nodeType": "host",
                  "props": Object {
                    "children": <p>
                      Select RELEASE mode in the Build Variant, and build APK
                    </p>,
                  },
                  "ref": null,
                  "rendered": Object {
                    "instance": null,
                    "key": undefined,
                    "nodeType": "host",
                    "props": Object {
                      "children": "Select RELEASE mode in the Build Variant, and build APK",
                    },
                    "ref": null,
                    "rendered": "Select RELEASE mode in the Build Variant, and build APK",
                    "type": "p",
                  },
                  "type": "li",
                },
                Object {
                  "instance": null,
                  "key": undefined,
                  "nodeType": "host",
                  "props": Object {
                    "children": <p>
                      Drag and drop the apk
                    </p>,
                  },
                  "ref": null,
                  "rendered": Object {
                    "instance": null,
                    "key": undefined,
                    "nodeType": "host",
                    "props": Object {
                      "children": "Drag and drop the apk",
                    },
                    "ref": null,
                    "rendered": "Drag and drop the apk",
                    "type": "p",
                  },
                  "type": "li",
                },
              ],
              "type": "ol",
            },
          ],
          "type": [Function],
        },
      ],
      "type": "div",
    },
  ],
  Symbol(enzyme.__options__): Object {
    "adapter": ReactSixteenAdapter {
      "options": Object {
        "enableComponentDidUpdateOnSetState": true,
        "lifecycles": Object {
          "componentDidUpdate": Object {
            "onSetState": true,
          },
          "getDerivedStateFromProps": true,
          "getSnapshotBeforeUpdate": true,
          "setState": Object {
            "skipsComponentDidUpdateOnNullish": true,
          },
        },
      },
    },
  },
}
`;
